******************************************************************************
                  TMS470 Linker PC v4.9.5                      
******************************************************************************
>> Linked Sat Mar 15 21:13:45 2014

OUTPUT FILE NAME:   <StellarisL3G4200I2C.out>
ENTRY POINT SYMBOL: "_c_int00"  address: 00001741


MEMORY CONFIGURATION

         name            origin    length      used     unused   attr    fill
----------------------  --------  ---------  --------  --------  ----  --------
  FLASH                 00000000   00040000  00001a00  0003e600  R  X
  SRAM                  20000000   00008000  0000011c  00007ee4  RW X


SEGMENT ALLOCATION MAP

run origin  load origin   length   init length attrs members
----------  ----------- ---------- ----------- ----- -------
00000000    00000000    00001a08   00001a08    r-x
  00000000    00000000    0000026c   0000026c    r-- .intvecs
  0000026c    0000026c    00001662   00001662    r-x .text
  000018d0    000018d0    00000112   00000112    r-- .const
  000019e8    000019e8    00000020   00000020    r-- .cinit
20000000    20000000    00000100   00000000    rw-
  20000000    20000000    00000100   00000000    rw- .stack
20000100    20000100    0000001c   0000001c    rw-
  20000100    20000100    0000001c   0000001c    rw- .data


SECTION ALLOCATION MAP

 output                                  attributes/
section   page    origin      length       input sections
--------  ----  ----------  ----------   ----------------
.intvecs   0    00000000    0000026c     
                  00000000    0000026c     startup_ccs.obj (.intvecs)

.text      0    0000026c    00001662     
                  0000026c    000004b8     I2C.obj (.text)
                  00000724    000004b0     uartstdio.obj (.text)
                  00000bd4    000001d8     driverlib-cm4f.lib : sysctl.obj (.text:SysCtlClockGet)
                  00000dac    0000013c                        : sysctl.obj (.text:SysCtlClockSet)
                  00000ee8    00000136     rtsv7M4_T_le_v4SPD16_eabi.lib : fd_div_t2.obj (.text)
                  0000101e    00000002     --HOLE-- [fill = 0]
                  00001020    0000010c     common.obj (.text)
                  0000112c    00000108     main.obj (.text)
                  00001234    000000c8     driverlib-cm4f.lib : gpio.obj (.text:GPIOPadConfigSet)
                  000012fc    0000009c     rtsv7M4_T_le_v4SPD16_eabi.lib : memcpy_t2.obj (.text)
                  00001398    00000094                                   : auto_init.obj (.text)
                  0000142c    00000092     L3G4200D.obj (.text)
                  000014be    0000007e     rtsv7M4_T_le_v4SPD16_eabi.lib : fd_cmp_t2.obj (.text)
                  0000153c    00000078     driverlib-cm4f.lib : gpio.obj (.text:GPIOPinTypeI2CSCL)
                  000015b4    0000005e     rtsv7M4_T_le_v4SPD16_eabi.lib : copy_decompress_rle.obj (.text)
                  00001612    00000002     --HOLE-- [fill = 0]
                  00001614    0000004c     UART.obj (.text)
                  00001660    0000004c     rtsv7M4_T_le_v4SPD16_eabi.lib : cpy_tbl.obj (.text)
                  000016ac    0000004a                                   : fd_tos_t2.obj (.text)
                  000016f6    00000002     --HOLE-- [fill = 0]
                  000016f8    00000048     driverlib-cm4f.lib : gpio.obj (.text:GPIOPinConfigure)
                  00001740    00000048     rtsv7M4_T_le_v4SPD16_eabi.lib : boot.obj (.text)
                  00001788    00000044                                   : exit.obj (.text)
                  000017cc    00000042                                   : u_divt2.obj (.text)
                  0000180e    00000038                                   : fs_tod_t2.obj (.text)
                  00001846    0000002e     driverlib-cm4f.lib : gpio.obj (.text:GPIODirModeSet)
                  00001874    00000018     rtsv7M4_T_le_v4SPD16_eabi.lib : _lock.obj (.text)
                  0000188c    00000018                                   : args_main.obj (.text)
                  000018a4    0000000e                                   : copy_decompress_none.obj (.text:decompress:none)
                  000018b2    0000000c     startup_ccs.obj (.text)
                  000018be    00000006     driverlib-cm4f.lib : sysctl.obj (.text:SysCtlDelay)
                  000018c4    00000006     rtsv7M4_T_le_v4SPD16_eabi.lib : copy_decompress_rle.obj (.text:decompress:rle24)
                  000018ca    00000004     driverlib-cm4f.lib : i2c.obj (.text:I2CMasterDataGet)

.const     0    000018d0    00000112     
                  000018d0    00000078     driverlib-cm4f.lib : gpio.obj (.const:g_pulGPIOBaseAddrs)
                  00001948    0000006c                        : sysctl.obj (.const:g_pulXtals)
                  000019b4    0000001c     uartstdio.obj (.const)
                  000019d0    00000012     uartstdio.obj (.const:.string)

.cinit     0    000019e8    00000020     
                  000019e8    0000000f     (.cinit..data.load) [load image, compression = rle]
                  000019f7    00000001     --HOLE-- [fill = 0]
                  000019f8    00000008     (__TI_handler_table)
                  00001a00    00000008     (__TI_cinit_table)

.stack     0    20000000    00000100     UNINITIALIZED
                  20000000    00000100     --HOLE--

.data      0    20000100    0000001c     
                  20000100    00000008     rtsv7M4_T_le_v4SPD16_eabi.lib : _lock.obj (.data)
                  20000108    00000008                                   : exit.obj (.data)
                  20000110    00000005     uartstdio.obj (.data)
                  20000115    00000003     --HOLE--
                  20000118    00000004     rtsv7M4_T_le_v4SPD16_eabi.lib : stkdepth_vars.obj (.data)


LINKER GENERATED COPY TABLES

__TI_cinit_table @ 00001a00 records: 1, size/record: 8, table size: 8
	.data: load addr=000019e8, load size=0000000f bytes, run addr=20000100, run size=0000001c bytes, compression=rle


LINKER GENERATED HANDLER TABLE

__TI_handler_table @ 000019f8 records: 2, size/record: 4, table size: 8
	index: 0, handler: __TI_decompress_rle24
	index: 1, handler: __TI_decompress_none


GLOBAL SYMBOLS: SORTED ALPHABETICALLY BY Name 

address    name
--------   ----
00001789   C$$EXIT
00001847   GPIODirModeSet
00001235   GPIOPadConfigSet
000016f9   GPIOPinConfigure
0000153d   GPIOPinTypeI2CSCL
000018cb   I2CMasterDataGet
0000142d   L3G4200D_CheckDevice
0000145b   L3G4200D_ReadRaw
000018b3   ResetISR
UNDEFED    SHT$$INIT_ARRAY$$Base
UNDEFED    SHT$$INIT_ARRAY$$Limit
0000026d   SetupI2C
00001443   SetupL3G4200D
00001615   SetupUART
00000bd5   SysCtlClockGet
00000dad   SysCtlClockSet
000018bf   SysCtlDelay
00000725   UARTStdioConfig
0000077d   UARTStdioInit
00000797   UARTStdioInitExpClk
000008bf   UARTgetc
000007ff   UARTgets
000008f1   UARTprintf
000007b1   UARTwrite
20000100   __STACK_END
00000100   __STACK_SIZE
20000100   __STACK_TOP
00001a00   __TI_CINIT_Base
00001a08   __TI_CINIT_Limit
000019f8   __TI_Handler_Table_Base
00001a00   __TI_Handler_Table_Limit
00000001   __TI_args_main
00001399   __TI_auto_init
000018a5   __TI_decompress_none
000018c5   __TI_decompress_rle24
00000000   __TI_static_base__
000014bf   __aeabi_cdcmpeq
000014bf   __aeabi_cdcmple
000016ad   __aeabi_d2f
00000ee9   __aeabi_ddiv
0000180f   __aeabi_f2d
000012fd   __aeabi_memcpy
000012fd   __aeabi_memcpy4
000012fd   __aeabi_memcpy8
000017cd   __aeabi_uidivmod
ffffffff   __binit__
ffffffff   __c_args__
20000000   __stack
0000188d   _args_main
00001741   _c_int00
20000108   _cleanup_ptr
2000010c   _dtors_ptr
20000100   _lock
00001881   _nop
0000187b   _register_lock
00001875   _register_unlock
20000104   _unlock
0000178d   abort
ffffffff   binit
00001661   copy_in
00001795   exit
00001021   ftoa
00000000   g_pfnVectors
00000451   i2c_RcvBuf
000002c7   i2c_RcvByte
0000066d   i2c_RcvByte2
0000056b   i2c_XmtBuf
00000377   i2c_XmtByte
0000112d   main
20000118   main_func_sp
000012fd   memcpy


GLOBAL SYMBOLS: SORTED BY Symbol Address 

address    name
--------   ----
00000000   __TI_static_base__
00000000   g_pfnVectors
00000001   __TI_args_main
00000100   __STACK_SIZE
0000026d   SetupI2C
000002c7   i2c_RcvByte
00000377   i2c_XmtByte
00000451   i2c_RcvBuf
0000056b   i2c_XmtBuf
0000066d   i2c_RcvByte2
00000725   UARTStdioConfig
0000077d   UARTStdioInit
00000797   UARTStdioInitExpClk
000007b1   UARTwrite
000007ff   UARTgets
000008bf   UARTgetc
000008f1   UARTprintf
00000bd5   SysCtlClockGet
00000dad   SysCtlClockSet
00000ee9   __aeabi_ddiv
00001021   ftoa
0000112d   main
00001235   GPIOPadConfigSet
000012fd   __aeabi_memcpy
000012fd   __aeabi_memcpy4
000012fd   __aeabi_memcpy8
000012fd   memcpy
00001399   __TI_auto_init
0000142d   L3G4200D_CheckDevice
00001443   SetupL3G4200D
0000145b   L3G4200D_ReadRaw
000014bf   __aeabi_cdcmpeq
000014bf   __aeabi_cdcmple
0000153d   GPIOPinTypeI2CSCL
00001615   SetupUART
00001661   copy_in
000016ad   __aeabi_d2f
000016f9   GPIOPinConfigure
00001741   _c_int00
00001789   C$$EXIT
0000178d   abort
00001795   exit
000017cd   __aeabi_uidivmod
0000180f   __aeabi_f2d
00001847   GPIODirModeSet
00001875   _register_unlock
0000187b   _register_lock
00001881   _nop
0000188d   _args_main
000018a5   __TI_decompress_none
000018b3   ResetISR
000018bf   SysCtlDelay
000018c5   __TI_decompress_rle24
000018cb   I2CMasterDataGet
000019f8   __TI_Handler_Table_Base
00001a00   __TI_CINIT_Base
00001a00   __TI_Handler_Table_Limit
00001a08   __TI_CINIT_Limit
20000000   __stack
20000100   __STACK_END
20000100   __STACK_TOP
20000100   _lock
20000104   _unlock
20000108   _cleanup_ptr
2000010c   _dtors_ptr
20000118   main_func_sp
ffffffff   __binit__
ffffffff   __c_args__
ffffffff   binit
UNDEFED    SHT$$INIT_ARRAY$$Base
UNDEFED    SHT$$INIT_ARRAY$$Limit

[71 symbols]
